[sea-serenity-society.squarespace.com/index.html]
[backblue.gif]
[fade.gif]
[index.html]
[images.squarespace-cdn.com/content/66477600af20a8583563ac7d/86f05260-91fe-4f91-9ced-d1ac6340712c/newport5d45.png]
[assets.squarespace.com/@sqs/polyfiller/1.6/legacy.js]
[assets.squarespace.com/universal/scripts-compressed/extract-css-runtime-b06d7759f347731df566-min.en-US.js]
[assets.squarespace.com/universal/scripts-compressed/cldr-resource-pack-15305921bb94c505cd92-min.en-US.js]
[assets.squarespace.com/@sqs/polyfiller/1.6/modern.js]
[assets.squarespace.com/universal/scripts-compressed/common-vendors-stable-3598b219a3c023c1915a-min.en-US.js]
[assets.squarespace.com/universal/scripts-compressed/extract-css-moment-js-vendor-6f117db4eb7fd4392375-min.en-US.js]
[assets.squarespace.com/universal/styles-compressed/user-account-core-e84acd73aa5ee3fcd4ad-min.en-US.css]
[assets.squarespace.com/universal/scripts-compressed/performance-a7a9ef7090f793eb4cd4-min.en-US.js]
[static1.squarespace.com/static/versioned-site-css/66477600af20a8583563ac7d/7/5c5a519771c10ba3470d8101/66477600af20a8583563ac84/1534/site.css]
[static1.squarespace.com/static/vta/5c5a519771c10ba3470d8101/versioned-assets/1718130742063-ZB0N0KP2JGXANVM5KICL/static.css]
[assets.squarespace.com/universal/scripts-compressed/user-account-core-502c0c91114edf43d4a1-min.en-US.js]
[images.squarespace-cdn.com/content/v1/66477600af20a8583563ac7d/86f05260-91fe-4f91-9ced-d1ac6340712c/newport26f7.png]
[sea-serenity-society.squarespace.com/cart.html]
[assets.squarespace.com/universal/scripts-compressed/common-vendors-c5286e0cb4ba521d34ca-min.en-US.js]
[sea-serenity-society.squarespace.com/what-we-do.html]
[sea-serenity-society.squarespace.com/partners.html]
[sea-serenity-society.squarespace.com/blog.html]
[sea-serenity-society.squarespace.com/contact.html]
[sea-serenity-society.squarespace.com/community.html]
[images.squarespace-cdn.com/content/v1/66477600af20a8583563ac7d/1715959517100-G6XCMO4IJ11XIJY5X52F/image-asset.jpg]
[sea-serenity-society.squarespace.com/get-involved.html]
[images.squarespace-cdn.com/content/v1/66477600af20a8583563ac7d/cd029e78-7d6c-4178-8ff4-e2611afb2825/Untitled+(24+x+18+in).png]
[images.squarespace-cdn.com/content/v1/66477600af20a8583563ac7d/1715960050421-PTPVV1G7AEAK5VGVQOMF/image-asset.jpg]
[assets.squarespace.com/universal/scripts-compressed/common-2750fbabc268f8011640-min.en-US.js]
[images.squarespace-cdn.com/content/v1/66477600af20a8583563ac7d/1715959887621-QBWBSJZ20KT6T90MGHRH/image-asset.jpg]
[sea-serenity-society.squarespace.com/index.html]
[assets.squarespace.com/universal/styles-compressed/user-account-core-e84acd73aa5ee3fcd4ad-min.en-US.css]
[assets.squarespace.com/universal/images-v6/damask/error-dark.png]
[assets.squarespace.com/universal/images-v6/damask/error-dark@2x.png]
[assets.squarespace.com/universal/images-v6/damask/play-button.png]
[assets.squarespace.com/universal/images-v6/damask/play-button@2x.png]
[assets.squarespace.com/universal/images-v6/damask/edit-aviary-light.png]
[assets.squarespace.com/universal/images-v6/damask/edit-aviary-light@2x.png]
[assets.squarespace.com/universal/images-v6/damask/edit-info-light.png]
[assets.squarespace.com/universal/images-v6/damask/edit-info-light@2x.png]
[assets.squarespace.com/universal/images-v6/damask/trash-9-light.png]
[assets.squarespace.com/universal/images-v6/damask/trash-9-light@2x.png]
[assets.squarespace.com/universal/images-v6/damask/trash-9-red.png]
[assets.squarespace.com/universal/images-v6/damask/trash-9-red@2x.png]
[assets.squarespace.com/universal/images-v6/damask/getty-16-light.png]
[assets.squarespace.com/universal/images-v6/damask/getty-32-light.png]
[assets.squarespace.com/universal/images-v6/damask/shopping-cart-16-light.png]
[assets.squarespace.com/universal/images-v6/damask/shopping-cart-32-light.png]
[static1.squarespace.com/static/vta/5c5a519771c10ba3470d8101/scripts/site-bundle.951f531f248730580867fa534b60d99a.js]
[assets.squarespace.com/universal/images-v6/icons/block-indicator-dark.png]
[assets.squarespace.com/universal/images-v6/icons/block-indicator-dark@2x.png]
[assets.squarespace.com/universal/images-v6/icons/opentable-icons.png]
[assets.squarespace.com/universal/images-v6/icons/icon-searchqueries-20-dark.png]
[assets.squarespace.com/universal/images-v6/icons/icon-searchqueries-20-light.png]
[assets.squarespace.com/universal/images-v6/icons/icon-video-24-light-solid.png]
[assets.squarespace.com/universal/images-v6/standard/icon_close_7_light.png]
[assets.squarespace.com/universal/images-v6/icons/icon-settings-16-light.png]
[static1.squarespace.com/static/versioned-site-css/66477600af20a8583563ac7d/7/5c5a519771c10ba3470d8101/66477600af20a8583563ac84/1534/site.css]
[static1.squarespace.com/static/vta/5c5a519771c10ba3470d8101/versioned-assets/1718130742063-ZB0N0KP2JGXANVM5KICL/static.css]
[sea-serenity-society.squarespace.com/cart.html]
[images.squarespace-cdn.com/content/v1/66477600af20a8583563ac7d/1715963751530-LI433S36451P6E4SP3P4/image-asset.jpg]
[images.squarespace-cdn.com/content/v1/66477600af20a8583563ac7d/420096bb-af59-44d0-8a02-4e9a59aaf18a/newport+(1).png]
[sea-serenity-society.squarespace.com/what-we-do.html]
[images.squarespace-cdn.com/content/v1/66477600af20a8583563ac7d/03ac5001-e33f-4df3-9556-6dda34ab3e21/image-asset.jpg]
[images.squarespace-cdn.com/content/v1/66477600af20a8583563ac7d/f6de6279-4b31-4622-9d34-53323f23849f/USF.png]
[sea-serenity-society.squarespace.com/partners.html]
[images.squarespace-cdn.com/content/v1/66477600af20a8583563ac7d/1715961995627-ODRJ8JNWAX82UTMMSDLM/image-asset.jpg]
[sea-serenity-society.squarespace.com/contact.html]
[sea-serenity-society.squarespace.com/bloga409]
[sea-serenity-society.squarespace.com/blog/red-tide-how-it-affects-you.html]
[images.squarespace-cdn.com/content/v1/66477600af20a8583563ac7d/1716859456497-CEH08K2BXZ3BYK9AQTIJ/image-asset.jpg]
[sea-serenity-society.squarespace.com/blog/the-deep-connection-how-ocean-health-impacts-human-mental-health.html]
[images.squarespace-cdn.com/content/v1/66477600af20a8583563ac7d/1716859280052-SY1ERCS4KYDYIU29VL06/image-asset.jpg]
[sea-serenity-society.squarespace.com/blog/ocean-health-amp-human-health-how-are-they-related.html]
[images.squarespace-cdn.com/content/v1/66477600af20a8583563ac7d/1716858383925-K9YPYVS1J0UDP1VPFK0G/image-asset.jpg]
[sea-serenity-society.squarespace.com/blog/marvelous-microbiomes.html]
[images.squarespace-cdn.com/content/v1/66477600af20a8583563ac7d/1716777215289-N9JTRUDW3LQ70M7SN2RH/image-asset.jpg]
[sea-serenity-society.squarespace.com/blog/microplastics-human-fertility-and-marine-life.html]
[images.squarespace-cdn.com/content/v1/66477600af20a8583563ac7d/1716775260241-RI4BSRDZJQ84V50H36S4/image-asset.jpg]
[sea-serenity-society.squarespace.com/blog.html]
[images.squarespace-cdn.com/content/v1/66477600af20a8583563ac7d/1715961246402-MA92H482ZBLI1XIQJWY0/image-asset.jpg]
[sea-serenity-society.squarespace.com/community.html]
[images.squarespace-cdn.com/content/v1/66477600af20a8583563ac7d/1716172280256-C39U05AMSMOLIY3DRCOH/image-asset.jpg]
[images.squarespace-cdn.com/content/v1/66477600af20a8583563ac7d/1716912376143-59NY2L48M8JARXTV9M22/image-asset.jpg]
[images.squarespace-cdn.com/content/v1/66477600af20a8583563ac7d/1716913517501-H464M5KLQOAP6EFR1JGG/image-asset.jpg]
[images.squarespace-cdn.com/content/v1/66477600af20a8583563ac7d/1716913644288-AIQP154KKU2QX59VM3MR/image-asset.jpg]
[images.squarespace-cdn.com/content/v1/66477600af20a8583563ac7d/1716911525710-0FXF2HAZ8J0NFTDUNN2H/image-asset.jpg]
[images.squarespace-cdn.com/content/v1/66477600af20a8583563ac7d/1716911877178-8SSKPM1BU4XAQ7Q0K3KF/image-asset.jpg]
[sea-serenity-society.squarespace.com/get-involved.html]
[sea-serenity-society.squarespace.com/blog/red-tide-how-it-affects-you.html]
[sea-serenity-society.squarespace.com/blog699f.html]
[images.squarespace-cdn.com/content/66477600af20a8583563ac7d/1716859280052-SY1ERCS4KYDYIU29VL06/image-asset43a3.jpg]
[sea-serenity-society.squarespace.com/blog/the-deep-connection-how-ocean-health-impacts-human-mental-health.html]
[sea-serenity-society.squarespace.com/blog/ocean-health-amp-human-health-how-are-they-related.html]
[sea-serenity-society.squarespace.com/blog/marvelous-microbiomes.html]
[sea-serenity-society.squarespace.com/blog/microplastics-human-fertility-and-marine-life.html]
[sea-serenity-society.squarespace.com/blog699f.html]
